[0m02:07:36.398214 [debug] [MainThread]: Sending event: {'category': 'dbt', 'action': 'invocation', 'label': 'start', 'context': [<snowplow_tracker.self_describing_json.SelfDescribingJson object at 0x0000020B9CF01400>, <snowplow_tracker.self_describing_json.SelfDescribingJson object at 0x0000020B9F993ED0>, <snowplow_tracker.self_describing_json.SelfDescribingJson object at 0x0000020B9F993C50>]}


============================== 02:07:36.402393 | b1e6a044-a90c-40da-91d7-f2d6b5810c9b ==============================
[0m02:07:36.402393 [info ] [MainThread]: Running with dbt=1.7.9
[0m02:07:36.403091 [debug] [MainThread]: running dbt with arguments {'use_colors': 'True', 'use_experimental_parser': 'False', 'profiles_dir': 'C:\\Users\\lauch\\.dbt', 'printer_width': '80', 'introspect': 'True', 'log_format': 'default', 'partial_parse': 'True', 'warn_error_options': 'WarnErrorOptions(include=[], exclude=[])', 'log_cache_events': 'False', 'quiet': 'False', 'no_print': 'None', 'target_path': 'None', 'debug': 'False', 'indirect_selection': 'eager', 'static_parser': 'True', 'warn_error': 'None', 'send_anonymous_usage_stats': 'True', 'version_check': 'True', 'invocation_command': 'dbt init petroleo_ar', 'cache_selected_only': 'False', 'log_path': 'logs', 'write_json': 'True', 'fail_fast': 'False'}
[0m02:07:36.404198 [info ] [MainThread]: A project called petroleo_ar already exists here.
[0m02:07:36.404970 [debug] [MainThread]: Command `dbt init` succeeded at 02:07:36.404684 after 0.10 seconds
[0m02:07:36.405269 [debug] [MainThread]: Sending event: {'category': 'dbt', 'action': 'invocation', 'label': 'end', 'context': [<snowplow_tracker.self_describing_json.SelfDescribingJson object at 0x0000020B98DD23F0>, <snowplow_tracker.self_describing_json.SelfDescribingJson object at 0x0000020B9F9C9490>, <snowplow_tracker.self_describing_json.SelfDescribingJson object at 0x0000020B9F9A2BE0>]}
[0m02:07:36.405571 [debug] [MainThread]: Flushing usage events
[0m02:08:25.955085 [debug] [MainThread]: Sending event: {'category': 'dbt', 'action': 'invocation', 'label': 'start', 'context': [<snowplow_tracker.self_describing_json.SelfDescribingJson object at 0x000001FB76A11400>, <snowplow_tracker.self_describing_json.SelfDescribingJson object at 0x000001FB794B3ED0>, <snowplow_tracker.self_describing_json.SelfDescribingJson object at 0x000001FB794B3C50>]}


============================== 02:08:25.959527 | 80a00fcc-4cca-4029-9795-eaa1dfefbad7 ==============================
[0m02:08:25.959527 [info ] [MainThread]: Running with dbt=1.7.9
[0m02:08:25.960369 [debug] [MainThread]: running dbt with arguments {'use_colors': 'True', 'use_experimental_parser': 'False', 'profiles_dir': 'C:\\Users\\lauch\\.dbt', 'printer_width': '80', 'introspect': 'True', 'log_format': 'default', 'partial_parse': 'True', 'warn_error_options': 'WarnErrorOptions(include=[], exclude=[])', 'log_cache_events': 'False', 'warn_error': 'None', 'no_print': 'None', 'target_path': 'None', 'static_parser': 'True', 'debug': 'False', 'indirect_selection': 'eager', 'quiet': 'False', 'send_anonymous_usage_stats': 'True', 'version_check': 'True', 'invocation_command': 'dbt init petroleo_ar', 'cache_selected_only': 'False', 'log_path': 'logs', 'write_json': 'True', 'fail_fast': 'False'}
[0m02:08:25.961666 [debug] [MainThread]: Starter project path: C:\Users\lauch\miniconda3\Lib\site-packages\dbt\include\starter_project
[0m02:08:25.987478 [info ] [MainThread]: 
Your new dbt project "petroleo_ar" was created!

For more information on how to configure the profiles.yml file,
please consult the dbt documentation here:

  https://docs.getdbt.com/docs/configure-your-profile

One more thing:

Need help? Don't hesitate to reach out to us via GitHub issues or on Slack:

  https://community.getdbt.com/

Happy modeling!

[0m02:08:25.988034 [info ] [MainThread]: Setting up your profile.
[0m02:09:26.123112 [info ] [MainThread]: Profile petroleo_ar written to C:\Users\lauch\.dbt\profiles.yml using target's profile_template.yml and your supplied values. Run 'dbt debug' to validate the connection.
[0m02:09:26.125592 [debug] [MainThread]: Command `dbt init` succeeded at 02:09:26.125383 after 60.26 seconds
[0m02:09:26.126008 [debug] [MainThread]: Sending event: {'category': 'dbt', 'action': 'invocation', 'label': 'end', 'context': [<snowplow_tracker.self_describing_json.SelfDescribingJson object at 0x000001FB728C23F0>, <snowplow_tracker.self_describing_json.SelfDescribingJson object at 0x000001FB13507BF0>, <snowplow_tracker.self_describing_json.SelfDescribingJson object at 0x000001FB135AC5A0>]}
[0m02:09:26.126676 [debug] [MainThread]: Flushing usage events
[0m02:09:45.717394 [debug] [MainThread]: Sending event: {'category': 'dbt', 'action': 'invocation', 'label': 'start', 'context': [<snowplow_tracker.self_describing_json.SelfDescribingJson object at 0x00000283EEA01400>, <snowplow_tracker.self_describing_json.SelfDescribingJson object at 0x00000283F1497ED0>, <snowplow_tracker.self_describing_json.SelfDescribingJson object at 0x00000283F1497C50>]}


============================== 02:09:45.721010 | ffafa34c-4e50-4e7f-b84a-f35ec062cdef ==============================
[0m02:09:45.721010 [info ] [MainThread]: Running with dbt=1.7.9
[0m02:09:45.721593 [debug] [MainThread]: running dbt with arguments {'use_colors': 'True', 'use_experimental_parser': 'False', 'profiles_dir': 'C:\\Users\\lauch\\.dbt', 'printer_width': '80', 'partial_parse': 'True', 'log_format': 'default', 'introspect': 'True', 'warn_error_options': 'WarnErrorOptions(include=[], exclude=[])', 'log_cache_events': 'False', 'quiet': 'False', 'warn_error': 'None', 'target_path': 'None', 'static_parser': 'True', 'debug': 'False', 'indirect_selection': 'eager', 'no_print': 'None', 'send_anonymous_usage_stats': 'True', 'version_check': 'True', 'invocation_command': 'dbt debug', 'cache_selected_only': 'False', 'log_path': 'logs', 'write_json': 'True', 'fail_fast': 'False'}
[0m02:09:45.722038 [info ] [MainThread]: dbt version: 1.7.9
[0m02:09:45.722418 [info ] [MainThread]: python version: 3.13.13
[0m02:09:45.722773 [info ] [MainThread]: python path: C:\Users\lauch\miniconda3\python.exe
[0m02:09:45.723100 [info ] [MainThread]: os info: Windows-11-10.0.26200-SP0
[0m02:09:46.564685 [info ] [MainThread]: Using profiles dir at C:\Users\lauch\.dbt
[0m02:09:46.565343 [info ] [MainThread]: Using profiles.yml file at C:\Users\lauch\.dbt\profiles.yml
[0m02:09:46.565720 [info ] [MainThread]: Using dbt_project.yml file at C:\portfolio-petroleo\dbt_project\dbt_project.yml
[0m02:09:46.566082 [error] [MainThread]: Encountered an error:
Internal Error
  Profile should not be None if loading profile completed
[0m02:09:46.566993 [debug] [MainThread]: Command `dbt debug` failed at 02:09:46.566826 after 0.98 seconds
[0m02:09:46.567421 [debug] [MainThread]: Sending event: {'category': 'dbt', 'action': 'invocation', 'label': 'end', 'context': [<snowplow_tracker.self_describing_json.SelfDescribingJson object at 0x000002838BDDE650>, <snowplow_tracker.self_describing_json.SelfDescribingJson object at 0x000002838BEA1D90>, <snowplow_tracker.self_describing_json.SelfDescribingJson object at 0x000002838BE61370>]}
[0m02:09:46.567741 [debug] [MainThread]: Flushing usage events
